2025-12-15 20:22:27,212 - __main__ - INFO - Matmul precision set to high
2025-12-15 20:22:27,214 - __main__ - INFO - ================================================================================
2025-12-15 20:22:27,214 - __main__ - INFO - TINY RECURSIVE MODEL (TRM) TRAINING
2025-12-15 20:22:27,214 - __main__ - INFO - ================================================================================
2025-12-15 20:22:27,214 - __main__ - INFO - Device: cuda
2025-12-15 20:22:27,214 - __main__ - INFO - Seed: 42
2025-12-15 20:22:27,214 - __main__ - INFO - 
================================================================================
2025-12-15 20:22:27,214 - __main__ - INFO - STEP 1: LOADING DATA
2025-12-15 20:22:27,214 - __main__ - INFO - ================================================================================
2025-12-15 20:22:27,214 - data.s3_data_source - INFO - Using local cache directory: cache/s3_data
2025-12-15 20:22:27,221 - botocore.credentials - INFO - Found credentials in shared credentials file: ~/.aws/credentials
2025-12-15 20:22:27,308 - data.s3_data_source - INFO - Initialized S3DataSource: bucket=qbia, prefix=bourse/mintrad
2025-12-15 20:22:27,308 - data.s3_data_source - INFO - Fetching 1 symbols from 2020 to 2024
2025-12-15 20:22:27,308 - data.s3_data_source - INFO - Symbols: ['BTCUSDT']
2025-12-15 20:22:27,308 - data.s3_data_source - INFO - Fetching BTCUSDT from 2020 to 2024
2025-12-15 20:22:27,308 - data.s3_data_source - INFO - Downloading BTCUSDT 2020 from S3: s3://qbia/bourse/mintrad/klines_1m_TRADING_USDT_2020/BTCUSDT_2020_1m.parquet
2025-12-15 20:22:29,186 - data.s3_data_source - INFO - Cached BTCUSDT 2020 to cache/s3_data/BTCUSDT_2020_1m.parquet
2025-12-15 20:22:29,191 - data.s3_data_source - INFO - Loaded BTCUSDT 2020: 525788 rows
2025-12-15 20:22:29,193 - data.s3_data_source - INFO - Downloading BTCUSDT 2021 from S3: s3://qbia/bourse/mintrad/klines_1m_TRADING_USDT_2021/BTCUSDT_2021_1m.parquet
2025-12-15 20:22:30,574 - data.s3_data_source - INFO - Cached BTCUSDT 2021 to cache/s3_data/BTCUSDT_2021_1m.parquet
2025-12-15 20:22:30,578 - data.s3_data_source - INFO - Loaded BTCUSDT 2021: 524607 rows
2025-12-15 20:22:30,581 - data.s3_data_source - INFO - Downloading BTCUSDT 2022 from S3: s3://qbia/bourse/mintrad/klines_1m_TRADING_USDT_2022/BTCUSDT_2022_1m.parquet
2025-12-15 20:22:31,962 - data.s3_data_source - INFO - Cached BTCUSDT 2022 to cache/s3_data/BTCUSDT_2022_1m.parquet
2025-12-15 20:22:31,967 - data.s3_data_source - INFO - Loaded BTCUSDT 2022: 525600 rows
2025-12-15 20:22:31,969 - data.s3_data_source - INFO - Downloading BTCUSDT 2023 from S3: s3://qbia/bourse/mintrad/klines_1m_TRADING_USDT_2023/BTCUSDT_2023_1m.parquet
2025-12-15 20:22:33,322 - data.s3_data_source - INFO - Cached BTCUSDT 2023 to cache/s3_data/BTCUSDT_2023_1m.parquet
2025-12-15 20:22:33,327 - data.s3_data_source - INFO - Loaded BTCUSDT 2023: 525520 rows
2025-12-15 20:22:33,329 - data.s3_data_source - INFO - Downloading BTCUSDT 2024 from S3: s3://qbia/bourse/mintrad/klines_1m_TRADING_USDT_2024/BTCUSDT_2024_1m.parquet
2025-12-15 20:22:34,708 - data.s3_data_source - INFO - Cached BTCUSDT 2024 to cache/s3_data/BTCUSDT_2024_1m.parquet
2025-12-15 20:22:34,713 - data.s3_data_source - INFO - Loaded BTCUSDT 2024: 527040 rows
2025-12-15 20:22:34,818 - data.s3_data_source - INFO - Loaded BTCUSDT: 2628555 total rows from 5 years
2025-12-15 20:22:35,243 - data.s3_data_source - INFO - Loaded 1 symbols: 2628555 total rows
2025-12-15 20:22:38,470 - __main__ - INFO - Data loaded successfully:
2025-12-15 20:22:38,470 - __main__ - INFO -   Train samples: 1839879
2025-12-15 20:22:38,470 - __main__ - INFO -   Val samples:   394260
2025-12-15 20:22:38,470 - __main__ - INFO -   Test samples:  394260
2025-12-15 20:22:38,470 - __main__ - INFO -   Features:      8
2025-12-15 20:22:38,470 - __main__ - INFO -   Lookback:      60
2025-12-15 20:22:38,470 - __main__ - INFO - 
================================================================================
2025-12-15 20:22:38,470 - __main__ - INFO - STEP 2: CREATING MODEL
2025-12-15 20:22:38,470 - __main__ - INFO - ================================================================================
2025-12-15 20:22:38,472 - trm.model.trm - INFO - Initialized TRM: 11,522 trainable params (latent_dim=32, iterations=5)
2025-12-15 20:22:38,472 - __main__ - INFO - Model created:
2025-12-15 20:22:38,472 - __main__ - INFO -   Total parameters:      11,522
2025-12-15 20:22:38,472 - __main__ - INFO -   Trainable parameters:  11,522
2025-12-15 20:22:38,472 - __main__ - INFO -   Latent dimension:      32
2025-12-15 20:22:38,472 - __main__ - INFO -   Recursive iterations:  5
2025-12-15 20:22:38,472 - __main__ - INFO - 
================================================================================
2025-12-15 20:22:38,472 - __main__ - INFO - STEP 3: CREATING LOSS FUNCTION
2025-12-15 20:22:38,472 - __main__ - INFO - ================================================================================
2025-12-15 20:22:38,472 - trm.model.loss - INFO - Initialized CompositeTradingLoss: α=1.0, β=0.5, γ=0.2, δ=0.3
2025-12-15 20:22:38,472 - __main__ - INFO - Trading-aware composite loss created
2025-12-15 20:22:38,472 - __main__ - INFO -   α (directional):    1.0
2025-12-15 20:22:38,472 - __main__ - INFO -   β (magnitude):      0.5
2025-12-15 20:22:38,472 - __main__ - INFO -   γ (trading cost):   0.2
2025-12-15 20:22:38,472 - __main__ - INFO -   δ (drawdown):       0.3
2025-12-15 20:22:38,472 - __main__ - INFO - 
================================================================================
2025-12-15 20:22:38,473 - __main__ - INFO - STEP 4: TRAINING MODEL
2025-12-15 20:22:38,473 - __main__ - INFO - ================================================================================
2025-12-15 20:22:38,621 - __main__ - ERROR - Training failed: '<=' not supported between instances of 'float' and 'str'
Traceback (most recent call last):
  File "/home/qbee/Bureau/Bourse/futur/ai/TRAIN/trm/train_trm.py", line 394, in <module>
    results = main(
  File "/home/qbee/Bureau/Bourse/futur/ai/TRAIN/trm/train_trm.py", line 243, in main
    trainer = TRMTrainer(
  File "/home/qbee/Bureau/Bourse/futur/ai/TRAIN/trm/training/trainer.py", line 71, in __init__
    self.optimizer = optim.AdamW(
  File "/home/qbee/.local/lib/python3.10/site-packages/torch/optim/adamw.py", line 37, in __init__
    super().__init__(
  File "/home/qbee/.local/lib/python3.10/site-packages/torch/optim/adam.py", line 57, in __init__
    if not 0.0 <= lr:
TypeError: '<=' not supported between instances of 'float' and 'str'
2025-12-15 20:24:08,207 - __main__ - INFO - Matmul precision set to high
2025-12-15 20:24:08,208 - __main__ - INFO - ================================================================================
2025-12-15 20:24:08,208 - __main__ - INFO - TINY RECURSIVE MODEL (TRM) TRAINING
2025-12-15 20:24:08,208 - __main__ - INFO - ================================================================================
2025-12-15 20:24:08,208 - __main__ - INFO - Device: cuda
2025-12-15 20:24:08,208 - __main__ - INFO - Seed: 42
2025-12-15 20:24:08,208 - __main__ - INFO - 
================================================================================
2025-12-15 20:24:08,208 - __main__ - INFO - STEP 1: LOADING DATA
2025-12-15 20:24:08,208 - __main__ - INFO - ================================================================================
2025-12-15 20:24:08,208 - data.s3_data_source - INFO - Using local cache directory: cache/s3_data
2025-12-15 20:24:08,215 - botocore.credentials - INFO - Found credentials in shared credentials file: ~/.aws/credentials
2025-12-15 20:24:08,304 - data.s3_data_source - INFO - Initialized S3DataSource: bucket=qbia, prefix=bourse/mintrad
2025-12-15 20:24:08,304 - data.s3_data_source - INFO - Fetching 1 symbols from 2020 to 2024
2025-12-15 20:24:08,304 - data.s3_data_source - INFO - Symbols: ['BTCUSDT']
2025-12-15 20:24:08,304 - data.s3_data_source - INFO - Fetching BTCUSDT from 2020 to 2024
2025-12-15 20:24:08,304 - data.s3_data_source - INFO - Loading BTCUSDT 2020 from cache: cache/s3_data/BTCUSDT_2020_1m.parquet
2025-12-15 20:24:08,352 - data.s3_data_source - INFO - Loading BTCUSDT 2021 from cache: cache/s3_data/BTCUSDT_2021_1m.parquet
2025-12-15 20:24:08,386 - data.s3_data_source - INFO - Loading BTCUSDT 2022 from cache: cache/s3_data/BTCUSDT_2022_1m.parquet
2025-12-15 20:24:08,419 - data.s3_data_source - INFO - Loading BTCUSDT 2023 from cache: cache/s3_data/BTCUSDT_2023_1m.parquet
2025-12-15 20:24:08,444 - data.s3_data_source - INFO - Loading BTCUSDT 2024 from cache: cache/s3_data/BTCUSDT_2024_1m.parquet
2025-12-15 20:24:08,617 - data.s3_data_source - INFO - Loaded BTCUSDT: 2628555 total rows from 5 years
2025-12-15 20:24:09,159 - data.s3_data_source - INFO - Loaded 1 symbols: 2628555 total rows
2025-12-15 20:24:12,401 - __main__ - INFO - Data loaded successfully:
2025-12-15 20:24:12,401 - __main__ - INFO -   Train samples: 1839879
2025-12-15 20:24:12,401 - __main__ - INFO -   Val samples:   394260
2025-12-15 20:24:12,401 - __main__ - INFO -   Test samples:  394260
2025-12-15 20:24:12,401 - __main__ - INFO -   Features:      8
2025-12-15 20:24:12,401 - __main__ - INFO -   Lookback:      60
2025-12-15 20:24:12,402 - __main__ - INFO - 
================================================================================
2025-12-15 20:24:12,402 - __main__ - INFO - STEP 2: CREATING MODEL
2025-12-15 20:24:12,402 - __main__ - INFO - ================================================================================
2025-12-15 20:24:12,403 - trm.model.trm - INFO - Initialized TRM: 11,522 trainable params (latent_dim=32, iterations=5)
2025-12-15 20:24:12,403 - __main__ - INFO - Model created:
2025-12-15 20:24:12,403 - __main__ - INFO -   Total parameters:      11,522
2025-12-15 20:24:12,403 - __main__ - INFO -   Trainable parameters:  11,522
2025-12-15 20:24:12,403 - __main__ - INFO -   Latent dimension:      32
2025-12-15 20:24:12,403 - __main__ - INFO -   Recursive iterations:  5
2025-12-15 20:24:12,403 - __main__ - INFO - 
================================================================================
2025-12-15 20:24:12,403 - __main__ - INFO - STEP 3: CREATING LOSS FUNCTION
2025-12-15 20:24:12,403 - __main__ - INFO - ================================================================================
2025-12-15 20:24:12,404 - trm.model.loss - INFO - Initialized CompositeTradingLoss: α=1.0, β=0.5, γ=0.2, δ=0.3
2025-12-15 20:24:12,404 - __main__ - INFO - Trading-aware composite loss created
2025-12-15 20:24:12,404 - __main__ - INFO -   α (directional):    1.0
2025-12-15 20:24:12,404 - __main__ - INFO -   β (magnitude):      0.5
2025-12-15 20:24:12,404 - __main__ - INFO -   γ (trading cost):   0.2
2025-12-15 20:24:12,404 - __main__ - INFO -   δ (drawdown):       0.3
2025-12-15 20:24:12,404 - __main__ - INFO - 
================================================================================
2025-12-15 20:24:12,404 - __main__ - INFO - STEP 4: TRAINING MODEL
2025-12-15 20:24:12,404 - __main__ - INFO - ================================================================================
2025-12-15 20:24:13,194 - trm.training.trainer - INFO - Initialized TRMTrainer: lr=0.0001, wd=1e-05, epochs=10, patience=20, device=cuda, amp=True
2025-12-15 20:24:13,194 - trm.training.trainer - INFO - Starting training...
2025-12-15 20:25:30,976 - __main__ - ERROR - Training failed: [enforce fail at alloc_cpu.cpp:119] err == 0. DefaultCPUAllocator: can't allocate memory: you tried to allocate 621763790400 bytes. Error code 12 (Cannot allocate memory)
Traceback (most recent call last):
  File "/home/qbee/Bureau/Bourse/futur/ai/TRAIN/trm/train_trm.py", line 394, in <module>
    results = main(
  File "/home/qbee/Bureau/Bourse/futur/ai/TRAIN/trm/train_trm.py", line 258, in main
    training_history = trainer.train()
  File "/home/qbee/Bureau/Bourse/futur/ai/TRAIN/trm/training/trainer.py", line 342, in train
    val_metrics = self.validate_epoch()
  File "/home/qbee/.local/lib/python3.10/site-packages/torch/utils/_contextlib.py", line 116, in decorate_context
    return func(*args, **kwargs)
  File "/home/qbee/Bureau/Bourse/futur/ai/TRAIN/trm/training/trainer.py", line 227, in validate_epoch
    sharpe = self._compute_sharpe(all_preds, all_targets)
  File "/home/qbee/Bureau/Bourse/futur/ai/TRAIN/trm/training/trainer.py", line 260, in _compute_sharpe
    realized_returns = positions * true_returns
RuntimeError: [enforce fail at alloc_cpu.cpp:119] err == 0. DefaultCPUAllocator: can't allocate memory: you tried to allocate 621763790400 bytes. Error code 12 (Cannot allocate memory)
2025-12-15 20:28:12,495 - __main__ - INFO - Matmul precision set to high
2025-12-15 20:28:12,496 - __main__ - INFO - ================================================================================
2025-12-15 20:28:12,496 - __main__ - INFO - TINY RECURSIVE MODEL (TRM) TRAINING
2025-12-15 20:28:12,496 - __main__ - INFO - ================================================================================
2025-12-15 20:28:12,496 - __main__ - INFO - Device: cuda
2025-12-15 20:28:12,496 - __main__ - INFO - Seed: 42
2025-12-15 20:28:12,496 - __main__ - INFO - 
================================================================================
2025-12-15 20:28:12,496 - __main__ - INFO - STEP 1: LOADING DATA
2025-12-15 20:28:12,496 - __main__ - INFO - ================================================================================
2025-12-15 20:28:12,496 - data.s3_data_source - INFO - Using local cache directory: cache/s3_data
2025-12-15 20:28:12,503 - botocore.credentials - INFO - Found credentials in shared credentials file: ~/.aws/credentials
2025-12-15 20:28:12,593 - data.s3_data_source - INFO - Initialized S3DataSource: bucket=qbia, prefix=bourse/mintrad
2025-12-15 20:28:12,593 - data.s3_data_source - INFO - Fetching 1 symbols from 2020 to 2024
2025-12-15 20:28:12,593 - data.s3_data_source - INFO - Symbols: ['BTCUSDT']
2025-12-15 20:28:12,593 - data.s3_data_source - INFO - Fetching BTCUSDT from 2020 to 2024
2025-12-15 20:28:12,593 - data.s3_data_source - INFO - Loading BTCUSDT 2020 from cache: cache/s3_data/BTCUSDT_2020_1m.parquet
2025-12-15 20:28:12,639 - data.s3_data_source - INFO - Loading BTCUSDT 2021 from cache: cache/s3_data/BTCUSDT_2021_1m.parquet
2025-12-15 20:28:12,669 - data.s3_data_source - INFO - Loading BTCUSDT 2022 from cache: cache/s3_data/BTCUSDT_2022_1m.parquet
2025-12-15 20:28:12,695 - data.s3_data_source - INFO - Loading BTCUSDT 2023 from cache: cache/s3_data/BTCUSDT_2023_1m.parquet
2025-12-15 20:28:12,723 - data.s3_data_source - INFO - Loading BTCUSDT 2024 from cache: cache/s3_data/BTCUSDT_2024_1m.parquet
2025-12-15 20:28:12,901 - data.s3_data_source - INFO - Loaded BTCUSDT: 2628555 total rows from 5 years
2025-12-15 20:28:13,454 - data.s3_data_source - INFO - Loaded 1 symbols: 2628555 total rows
2025-12-15 20:28:16,679 - __main__ - INFO - Data loaded successfully:
2025-12-15 20:28:16,679 - __main__ - INFO -   Train samples: 1839879
2025-12-15 20:28:16,679 - __main__ - INFO -   Val samples:   394260
2025-12-15 20:28:16,679 - __main__ - INFO -   Test samples:  394260
2025-12-15 20:28:16,679 - __main__ - INFO -   Features:      8
2025-12-15 20:28:16,679 - __main__ - INFO -   Lookback:      60
2025-12-15 20:28:16,679 - __main__ - INFO - 
================================================================================
2025-12-15 20:28:16,679 - __main__ - INFO - STEP 2: CREATING MODEL
2025-12-15 20:28:16,679 - __main__ - INFO - ================================================================================
2025-12-15 20:28:16,681 - trm.model.trm - INFO - Initialized TRM: 11,522 trainable params (latent_dim=32, iterations=5)
2025-12-15 20:28:16,681 - __main__ - INFO - Model created:
2025-12-15 20:28:16,681 - __main__ - INFO -   Total parameters:      11,522
2025-12-15 20:28:16,681 - __main__ - INFO -   Trainable parameters:  11,522
2025-12-15 20:28:16,681 - __main__ - INFO -   Latent dimension:      32
2025-12-15 20:28:16,681 - __main__ - INFO -   Recursive iterations:  5
2025-12-15 20:28:16,681 - __main__ - INFO - 
================================================================================
2025-12-15 20:28:16,681 - __main__ - INFO - STEP 3: CREATING LOSS FUNCTION
2025-12-15 20:28:16,681 - __main__ - INFO - ================================================================================
2025-12-15 20:28:16,681 - trm.model.loss - INFO - Initialized CompositeTradingLoss: α=1.0, β=0.5, γ=0.2, δ=0.3
2025-12-15 20:28:16,681 - __main__ - INFO - Trading-aware composite loss created
2025-12-15 20:28:16,681 - __main__ - INFO -   α (directional):    1.0
2025-12-15 20:28:16,681 - __main__ - INFO -   β (magnitude):      0.5
2025-12-15 20:28:16,681 - __main__ - INFO -   γ (trading cost):   0.2
2025-12-15 20:28:16,681 - __main__ - INFO -   δ (drawdown):       0.3
2025-12-15 20:28:16,681 - __main__ - INFO - 
================================================================================
2025-12-15 20:28:16,681 - __main__ - INFO - STEP 4: TRAINING MODEL
2025-12-15 20:28:16,681 - __main__ - INFO - ================================================================================
2025-12-15 20:28:17,481 - trm.training.trainer - INFO - Initialized TRMTrainer: lr=0.0001, wd=1e-05, epochs=10, patience=20, device=cuda, amp=True
2025-12-15 20:28:17,481 - trm.training.trainer - INFO - Starting training...
2025-12-15 20:29:35,058 - trm.training.trainer - INFO - Epoch 1/10 | Train Loss: -0.000959 | Val Loss: 0.000732 | Val Sharpe: -1.0589 | LR: 9.76e-05
2025-12-15 20:29:35,058 - trm.training.trainer - INFO - New best validation Sharpe: -1.0589
2025-12-15 20:29:35,066 - trm.training.trainer - INFO - Saved best checkpoint: checkpoints/checkpoint_best.pt
2025-12-15 20:30:52,140 - trm.training.trainer - INFO - Epoch 2/10 | Train Loss: -0.000958 | Val Loss: 0.000732 | Val Sharpe: -1.0589 | LR: 9.05e-05
2025-12-15 20:32:08,951 - trm.training.trainer - INFO - Epoch 3/10 | Train Loss: -0.000738 | Val Loss: 0.000732 | Val Sharpe: -1.0589 | LR: 7.96e-05
2025-12-15 20:33:26,324 - trm.training.trainer - INFO - Epoch 4/10 | Train Loss: -0.000912 | Val Loss: 0.000732 | Val Sharpe: -1.0589 | LR: 6.58e-05
2025-12-15 20:34:43,969 - trm.training.trainer - INFO - Epoch 5/10 | Train Loss: -0.001591 | Val Loss: 0.000732 | Val Sharpe: -1.0589 | LR: 5.05e-05
2025-12-15 20:36:01,573 - trm.training.trainer - INFO - Epoch 6/10 | Train Loss: -0.001681 | Val Loss: 0.000732 | Val Sharpe: -1.0589 | LR: 3.52e-05
2025-12-15 20:37:18,845 - trm.training.trainer - INFO - Epoch 7/10 | Train Loss: -0.001415 | Val Loss: 0.000732 | Val Sharpe: -1.0589 | LR: 2.14e-05
2025-12-15 20:38:36,676 - trm.training.trainer - INFO - Epoch 8/10 | Train Loss: -0.000649 | Val Loss: 0.000732 | Val Sharpe: -1.0589 | LR: 1.05e-05
2025-12-15 20:39:53,465 - trm.training.trainer - INFO - Epoch 9/10 | Train Loss: -0.000405 | Val Loss: 0.000732 | Val Sharpe: -1.0589 | LR: 3.42e-06
2025-12-15 20:41:11,927 - trm.training.trainer - INFO - Epoch 10/10 | Train Loss: 0.000085 | Val Loss: 0.000732 | Val Sharpe: -1.0589 | LR: 1.00e-06
2025-12-15 20:41:11,931 - trm.training.trainer - INFO - Training complete. Best validation Sharpe: -1.0589
2025-12-15 20:41:11,931 - __main__ - INFO - 
Training completed:
2025-12-15 20:41:11,931 - __main__ - INFO -   Final epoch:           10
2025-12-15 20:41:11,931 - __main__ - INFO -   Best validation Sharpe: -1.0589
2025-12-15 20:41:11,931 - __main__ - INFO -   Best validation loss:   0.000732
2025-12-15 20:41:11,931 - __main__ - INFO - 
================================================================================
2025-12-15 20:41:11,931 - __main__ - INFO - STEP 5: EVALUATING ON TEST SET
2025-12-15 20:41:11,931 - __main__ - INFO - ================================================================================
2025-12-15 20:41:11,931 - __main__ - INFO - Loading best checkpoint: checkpoints/checkpoint_best.pt
2025-12-15 20:41:11,945 - trm.evaluation.backtest - INFO - Running backtest...
2025-12-15 20:41:15,494 - trm.evaluation.backtest - INFO - Backtest complete: 394260 samples
2025-12-15 20:41:15,495 - __main__ - ERROR - Training failed: [enforce fail at alloc_cpu.cpp:119] err == 0. DefaultCPUAllocator: can't allocate memory: you tried to allocate 621763790400 bytes. Error code 12 (Cannot allocate memory)
Traceback (most recent call last):
  File "/home/qbee/Bureau/Bourse/futur/ai/TRAIN/trm/train_trm.py", line 394, in <module>
    results = main(
  File "/home/qbee/Bureau/Bourse/futur/ai/TRAIN/trm/train_trm.py", line 287, in main
    test_metrics = backtester.run_backtest(verbose=True)
  File "/home/qbee/.local/lib/python3.10/site-packages/torch/utils/_contextlib.py", line 116, in decorate_context
    return func(*args, **kwargs)
  File "/home/qbee/Bureau/Bourse/futur/ai/TRAIN/trm/evaluation/backtest.py", line 83, in run_backtest
    metrics = compute_all_metrics(
  File "/home/qbee/Bureau/Bourse/futur/ai/TRAIN/trm/evaluation/metrics.py", line 353, in compute_all_metrics
    cumulative_pnl, pnl_metrics = compute_pnl(
  File "/home/qbee/Bureau/Bourse/futur/ai/TRAIN/trm/evaluation/metrics.py", line 44, in compute_pnl
    realized_returns = positions * true_returns
RuntimeError: [enforce fail at alloc_cpu.cpp:119] err == 0. DefaultCPUAllocator: can't allocate memory: you tried to allocate 621763790400 bytes. Error code 12 (Cannot allocate memory)
2025-12-15 20:45:10,443 - __main__ - INFO - Matmul precision set to high
2025-12-15 20:45:10,444 - __main__ - INFO - ================================================================================
2025-12-15 20:45:10,444 - __main__ - INFO - TINY RECURSIVE MODEL (TRM) TRAINING
2025-12-15 20:45:10,444 - __main__ - INFO - ================================================================================
2025-12-15 20:45:10,444 - __main__ - INFO - Device: cuda
2025-12-15 20:45:10,444 - __main__ - INFO - Seed: 42
2025-12-15 20:45:10,444 - __main__ - INFO - 
================================================================================
2025-12-15 20:45:10,444 - __main__ - INFO - STEP 1: LOADING DATA
2025-12-15 20:45:10,444 - __main__ - INFO - ================================================================================
2025-12-15 20:45:10,444 - data.s3_data_source - INFO - Using local cache directory: cache/s3_data
2025-12-15 20:45:10,451 - botocore.credentials - INFO - Found credentials in shared credentials file: ~/.aws/credentials
2025-12-15 20:45:10,538 - data.s3_data_source - INFO - Initialized S3DataSource: bucket=qbia, prefix=bourse/mintrad
2025-12-15 20:45:10,538 - data.s3_data_source - INFO - Fetching 1 symbols from 2020 to 2024
2025-12-15 20:45:10,538 - data.s3_data_source - INFO - Symbols: ['BTCUSDT']
2025-12-15 20:45:10,538 - data.s3_data_source - INFO - Fetching BTCUSDT from 2020 to 2024
2025-12-15 20:45:10,538 - data.s3_data_source - INFO - Loading BTCUSDT 2020 from cache: cache/s3_data/BTCUSDT_2020_1m.parquet
2025-12-15 20:45:10,579 - data.s3_data_source - INFO - Loading BTCUSDT 2021 from cache: cache/s3_data/BTCUSDT_2021_1m.parquet
2025-12-15 20:45:10,619 - data.s3_data_source - INFO - Loading BTCUSDT 2022 from cache: cache/s3_data/BTCUSDT_2022_1m.parquet
2025-12-15 20:45:10,657 - data.s3_data_source - INFO - Loading BTCUSDT 2023 from cache: cache/s3_data/BTCUSDT_2023_1m.parquet
2025-12-15 20:45:10,692 - data.s3_data_source - INFO - Loading BTCUSDT 2024 from cache: cache/s3_data/BTCUSDT_2024_1m.parquet
2025-12-15 20:45:10,880 - data.s3_data_source - INFO - Loaded BTCUSDT: 2628555 total rows from 5 years
2025-12-15 20:45:11,414 - data.s3_data_source - INFO - Loaded 1 symbols: 2628555 total rows
2025-12-15 20:45:14,618 - __main__ - INFO - Data loaded successfully:
2025-12-15 20:45:14,618 - __main__ - INFO -   Train samples: 1839879
2025-12-15 20:45:14,618 - __main__ - INFO -   Val samples:   394260
2025-12-15 20:45:14,619 - __main__ - INFO -   Test samples:  394260
2025-12-15 20:45:14,619 - __main__ - INFO -   Features:      8
2025-12-15 20:45:14,619 - __main__ - INFO -   Lookback:      60
2025-12-15 20:45:14,619 - __main__ - INFO - 
================================================================================
2025-12-15 20:45:14,619 - __main__ - INFO - STEP 2: CREATING MODEL
2025-12-15 20:45:14,619 - __main__ - INFO - ================================================================================
2025-12-15 20:45:14,620 - trm.model.trm - INFO - Initialized TRM: 11,522 trainable params (latent_dim=32, iterations=5)
2025-12-15 20:45:14,620 - __main__ - INFO - Model created:
2025-12-15 20:45:14,620 - __main__ - INFO -   Total parameters:      11,522
2025-12-15 20:45:14,620 - __main__ - INFO -   Trainable parameters:  11,522
2025-12-15 20:45:14,620 - __main__ - INFO -   Latent dimension:      32
2025-12-15 20:45:14,620 - __main__ - INFO -   Recursive iterations:  5
2025-12-15 20:45:14,620 - __main__ - INFO - 
================================================================================
2025-12-15 20:45:14,621 - __main__ - INFO - STEP 3: CREATING LOSS FUNCTION
2025-12-15 20:45:14,621 - __main__ - INFO - ================================================================================
2025-12-15 20:45:14,621 - trm.model.loss - INFO - Initialized CompositeTradingLoss: α=1.0, β=0.5, γ=0.2, δ=0.3
2025-12-15 20:45:14,621 - __main__ - INFO - Trading-aware composite loss created
2025-12-15 20:45:14,621 - __main__ - INFO -   α (directional):    1.0
2025-12-15 20:45:14,621 - __main__ - INFO -   β (magnitude):      0.5
2025-12-15 20:45:14,621 - __main__ - INFO -   γ (trading cost):   0.2
2025-12-15 20:45:14,621 - __main__ - INFO -   δ (drawdown):       0.3
2025-12-15 20:45:14,621 - __main__ - INFO - 
================================================================================
2025-12-15 20:45:14,621 - __main__ - INFO - STEP 4: TRAINING MODEL
2025-12-15 20:45:14,621 - __main__ - INFO - ================================================================================
2025-12-15 20:45:15,409 - trm.training.trainer - INFO - Initialized TRMTrainer: lr=0.0001, wd=1e-05, epochs=10, patience=20, device=cuda, amp=True
2025-12-15 20:45:15,409 - trm.training.trainer - INFO - Starting training...
2025-12-15 20:45:15,496 - trm.training.trainer - INFO - [DEBUG Epoch 1] First batch:
2025-12-15 20:45:15,497 - trm.training.trainer - INFO -   X stats: mean=-0.005942, std=0.674073
2025-12-15 20:45:15,497 - trm.training.trainer - INFO -   y stats: mean=0.000012, std=0.000368
2025-12-15 20:45:15,497 - trm.training.trainer - INFO -   pred stats: mean=0.000553, std=0.000230
2025-12-15 20:45:15,497 - trm.training.trainer - INFO -   pred[0:5]: [0.0006895 0.0006895 0.000518  0.0003793 0.000481 ]
2025-12-15 20:45:15,504 - trm.training.trainer - INFO -   y[0:5]: [[-3.5330694e-04]
 [ 2.6888540e-04]
 [ 2.6604184e-04]
 [-2.1887204e-04]
 [ 8.0363017e-05]]
2025-12-15 20:45:15,504 - trm.training.trainer - INFO -   loss: -0.105951
2025-12-15 20:46:35,732 - trm.training.trainer - INFO - [DEBUG Epoch 1] Avg gradient norm: 0.000000
2025-12-15 20:46:35,732 - trm.training.trainer - INFO - [DEBUG Epoch 1] Avg parameter norm: 16.979808
2025-12-15 20:46:40,602 - trm.training.trainer - INFO - [DEBUG Epoch 1] Val predictions (first 5 batches):
2025-12-15 20:46:40,602 - trm.training.trainer - INFO -   pred mean=-0.000402, std=0.000000
2025-12-15 20:46:40,609 - trm.training.trainer - INFO -   pred min=-0.000421, max=-0.000234
2025-12-15 20:46:40,609 - trm.training.trainer - INFO -   target mean=0.000028, std=0.000524
2025-12-15 20:46:40,609 - trm.training.trainer - INFO -   Sharpe components: sum=-110.322661, sum_sq=21.140552, count=50463120
2025-12-15 20:46:40,609 - trm.training.trainer - INFO - Epoch 1/10 | Train Loss: -0.000959 | Val Loss: 0.000732 | Val Sharpe: -1.0589 | LR: 9.76e-05
2025-12-15 20:46:40,609 - trm.training.trainer - INFO - New best validation Sharpe: -1.0589
2025-12-15 20:46:40,617 - trm.training.trainer - INFO - Saved best checkpoint: checkpoints/checkpoint_best.pt
2025-12-15 20:46:40,619 - trm.training.trainer - INFO - [DEBUG Epoch 2] First batch:
2025-12-15 20:46:40,619 - trm.training.trainer - INFO -   X stats: mean=-0.005942, std=0.674073
2025-12-15 20:46:40,619 - trm.training.trainer - INFO -   y stats: mean=0.000012, std=0.000368
2025-12-15 20:46:40,619 - trm.training.trainer - INFO -   pred stats: mean=-0.000343, std=0.000051
2025-12-15 20:46:40,620 - trm.training.trainer - INFO -   pred[0:5]: [-0.0003371 -0.0003371 -0.0003486 -0.0003226 -0.0003166]
2025-12-15 20:46:40,620 - trm.training.trainer - INFO -   y[0:5]: [[-3.5330694e-04]
 [ 2.6888540e-04]
 [ 2.6604184e-04]
 [-2.1887204e-04]
 [ 8.0363017e-05]]
2025-12-15 20:46:40,620 - trm.training.trainer - INFO -   loss: 0.109375
2025-12-15 20:48:01,619 - trm.training.trainer - INFO - [DEBUG Epoch 2] Avg gradient norm: 0.000000
2025-12-15 20:48:01,619 - trm.training.trainer - INFO - [DEBUG Epoch 2] Avg parameter norm: 16.981379
2025-12-15 20:48:06,481 - trm.training.trainer - INFO - [DEBUG Epoch 2] Val predictions (first 5 batches):
2025-12-15 20:48:06,481 - trm.training.trainer - INFO -   pred mean=-0.000414, std=0.000000
2025-12-15 20:48:06,481 - trm.training.trainer - INFO -   pred min=-0.000414, max=-0.000414
2025-12-15 20:48:06,482 - trm.training.trainer - INFO -   target mean=0.000028, std=0.000524
2025-12-15 20:48:06,482 - trm.training.trainer - INFO -   Sharpe components: sum=-110.322661, sum_sq=21.140552, count=50463120
2025-12-15 20:48:06,482 - trm.training.trainer - INFO - Epoch 2/10 | Train Loss: -0.000958 | Val Loss: 0.000732 | Val Sharpe: -1.0589 | LR: 9.05e-05
2025-12-15 20:49:25,545 - trm.training.trainer - INFO - [DEBUG Epoch 3] Avg gradient norm: inf
2025-12-15 20:49:25,545 - trm.training.trainer - INFO - [DEBUG Epoch 3] Avg parameter norm: 16.981495
2025-12-15 20:49:30,428 - trm.training.trainer - INFO - Epoch 3/10 | Train Loss: -0.000738 | Val Loss: 0.000732 | Val Sharpe: -1.0589 | LR: 7.96e-05
2025-12-15 20:52:09,892 - __main__ - INFO - Matmul precision set to high
2025-12-15 20:52:09,892 - __main__ - INFO - ================================================================================
2025-12-15 20:52:09,892 - __main__ - INFO - TINY RECURSIVE MODEL (TRM) TRAINING
2025-12-15 20:52:09,893 - __main__ - INFO - ================================================================================
2025-12-15 20:52:09,893 - __main__ - INFO - Device: cuda
2025-12-15 20:52:09,893 - __main__ - INFO - Seed: 42
2025-12-15 20:52:09,893 - __main__ - INFO - 
================================================================================
2025-12-15 20:52:09,893 - __main__ - INFO - STEP 1: LOADING DATA
2025-12-15 20:52:09,893 - __main__ - INFO - ================================================================================
2025-12-15 20:52:09,893 - data.s3_data_source - INFO - Using local cache directory: cache/s3_data
2025-12-15 20:52:09,899 - botocore.credentials - INFO - Found credentials in shared credentials file: ~/.aws/credentials
2025-12-15 20:52:09,992 - data.s3_data_source - INFO - Initialized S3DataSource: bucket=qbia, prefix=bourse/mintrad
2025-12-15 20:52:09,992 - data.s3_data_source - INFO - Fetching 1 symbols from 2020 to 2024
2025-12-15 20:52:09,992 - data.s3_data_source - INFO - Symbols: ['BTCUSDT']
2025-12-15 20:52:09,992 - data.s3_data_source - INFO - Fetching BTCUSDT from 2020 to 2024
2025-12-15 20:52:09,992 - data.s3_data_source - INFO - Loading BTCUSDT 2020 from cache: cache/s3_data/BTCUSDT_2020_1m.parquet
2025-12-15 20:52:10,039 - data.s3_data_source - INFO - Loading BTCUSDT 2021 from cache: cache/s3_data/BTCUSDT_2021_1m.parquet
2025-12-15 20:52:10,070 - data.s3_data_source - INFO - Loading BTCUSDT 2022 from cache: cache/s3_data/BTCUSDT_2022_1m.parquet
2025-12-15 20:52:10,100 - data.s3_data_source - INFO - Loading BTCUSDT 2023 from cache: cache/s3_data/BTCUSDT_2023_1m.parquet
2025-12-15 20:52:10,123 - data.s3_data_source - INFO - Loading BTCUSDT 2024 from cache: cache/s3_data/BTCUSDT_2024_1m.parquet
2025-12-15 20:52:10,290 - data.s3_data_source - INFO - Loaded BTCUSDT: 2628555 total rows from 5 years
2025-12-15 20:52:10,833 - data.s3_data_source - INFO - Loaded 1 symbols: 2628555 total rows
2025-12-15 20:52:14,085 - __main__ - INFO - Data loaded successfully:
2025-12-15 20:52:14,085 - __main__ - INFO -   Train samples: 1839879
2025-12-15 20:52:14,085 - __main__ - INFO -   Val samples:   394260
2025-12-15 20:52:14,085 - __main__ - INFO -   Test samples:  394260
2025-12-15 20:52:14,085 - __main__ - INFO -   Features:      8
2025-12-15 20:52:14,085 - __main__ - INFO -   Lookback:      60
2025-12-15 20:52:14,085 - __main__ - INFO - 
================================================================================
2025-12-15 20:52:14,085 - __main__ - INFO - STEP 2: CREATING MODEL
2025-12-15 20:52:14,085 - __main__ - INFO - ================================================================================
2025-12-15 20:52:14,087 - trm.model.trm - INFO - Initialized TRM: 11,522 trainable params (latent_dim=32, iterations=5)
2025-12-15 20:52:14,087 - __main__ - INFO - Model created:
2025-12-15 20:52:14,087 - __main__ - INFO -   Total parameters:      11,522
2025-12-15 20:52:14,087 - __main__ - INFO -   Trainable parameters:  11,522
2025-12-15 20:52:14,087 - __main__ - INFO -   Latent dimension:      32
2025-12-15 20:52:14,087 - __main__ - INFO -   Recursive iterations:  5
2025-12-15 20:52:14,087 - __main__ - INFO - 
================================================================================
2025-12-15 20:52:14,087 - __main__ - INFO - STEP 3: CREATING LOSS FUNCTION
2025-12-15 20:52:14,087 - __main__ - INFO - ================================================================================
2025-12-15 20:52:14,087 - trm.model.loss - INFO - Initialized CompositeTradingLoss: α=1.0, β=0.5, γ=0.2, δ=0.3
2025-12-15 20:52:14,087 - __main__ - INFO - Trading-aware composite loss created
2025-12-15 20:52:14,087 - __main__ - INFO -   α (directional):    1.0
2025-12-15 20:52:14,087 - __main__ - INFO -   β (magnitude):      0.5
2025-12-15 20:52:14,087 - __main__ - INFO -   γ (trading cost):   0.2
2025-12-15 20:52:14,087 - __main__ - INFO -   δ (drawdown):       0.3
2025-12-15 20:52:14,087 - __main__ - INFO - 
================================================================================
2025-12-15 20:52:14,088 - __main__ - INFO - STEP 4: TRAINING MODEL
2025-12-15 20:52:14,088 - __main__ - INFO - ================================================================================
2025-12-15 20:52:14,864 - trm.training.trainer - INFO - Initialized TRMTrainer: lr=0.0001, wd=1e-05, epochs=10, patience=20, device=cuda, amp=True
2025-12-15 20:52:14,864 - trm.training.trainer - INFO - Starting training...
2025-12-15 20:52:14,961 - trm.training.trainer - INFO - [DEBUG Epoch 1] First batch:
2025-12-15 20:52:14,962 - trm.training.trainer - INFO -   X stats: mean=-0.005942, std=0.674073
2025-12-15 20:52:14,962 - trm.training.trainer - INFO -   y stats: mean=0.000012, std=0.000368
2025-12-15 20:52:14,962 - trm.training.trainer - INFO -   pred stats: mean=0.000553, std=0.000230
2025-12-15 20:52:14,962 - trm.training.trainer - INFO -   pred[0:5]: [0.0006895 0.0006895 0.000518  0.0003793 0.000481 ]
2025-12-15 20:52:14,962 - trm.training.trainer - INFO -   y[0:5]: [[-3.5330694e-04]
 [ 2.6888540e-04]
 [ 2.6604184e-04]
 [-2.1887204e-04]
 [ 8.0363017e-05]]
2025-12-15 20:52:14,962 - trm.training.trainer - INFO -   loss: 0.000006
2025-12-15 20:52:14,962 - trm.training.trainer - INFO -   loss.requires_grad: True
2025-12-15 20:52:14,962 - trm.training.trainer - INFO -   pred.requires_grad: True
2025-12-15 20:52:15,023 - trm.training.trainer - INFO -     feature_embedding.0.weight: grad_norm=0.000006
2025-12-15 20:52:15,023 - trm.training.trainer - INFO -     feature_embedding.0.bias: grad_norm=0.000005
2025-12-15 20:52:15,023 - trm.training.trainer - INFO -     feature_embedding.1.weight: grad_norm=0.000059
2025-12-15 20:52:15,023 - trm.training.trainer - INFO -     feature_embedding.1.bias: grad_norm=0.000067
2025-12-15 20:52:15,023 - trm.training.trainer - INFO -     feature_embedding.4.weight: grad_norm=0.000012
2025-12-15 20:52:15,024 - trm.training.trainer - INFO -     feature_embedding.4.bias: grad_norm=0.000226
2025-12-15 20:52:15,024 - trm.training.trainer - INFO -     feature_embedding.5.weight: grad_norm=0.000122
2025-12-15 20:52:15,024 - trm.training.trainer - INFO -     feature_embedding.5.bias: grad_norm=0.000185
2025-12-15 20:52:15,024 - trm.training.trainer - INFO -     temporal_attention.0.weight: grad_norm=0.000000
2025-12-15 20:52:15,024 - trm.training.trainer - INFO -     temporal_attention.0.bias: grad_norm=0.000000
2025-12-15 20:52:15,024 - trm.training.trainer - INFO -     reasoning_cell.weight_ih: grad_norm=0.000013
2025-12-15 20:52:15,024 - trm.training.trainer - INFO -     reasoning_cell.weight_hh: grad_norm=0.000002
2025-12-15 20:52:15,024 - trm.training.trainer - INFO -     reasoning_cell.bias_ih: grad_norm=0.000572
2025-12-15 20:52:15,024 - trm.training.trainer - INFO -     reasoning_cell.bias_hh: grad_norm=0.000286
2025-12-15 20:52:15,024 - trm.training.trainer - INFO -     output_head.0.weight: grad_norm=0.000011
2025-12-15 20:52:15,024 - trm.training.trainer - INFO -     output_head.0.bias: grad_norm=0.001465
2025-12-15 20:52:15,024 - trm.training.trainer - INFO -     output_head.1.weight: grad_norm=0.000099
2025-12-15 20:52:15,024 - trm.training.trainer - INFO -     output_head.1.bias: grad_norm=0.000600
2025-12-15 20:52:15,024 - trm.training.trainer - INFO -     output_head.4.weight: grad_norm=0.000008
2025-12-15 20:52:15,024 - trm.training.trainer - INFO -     output_head.4.bias: grad_norm=0.001189
2025-12-15 20:52:15,025 - trm.training.trainer - INFO -   Total gradient norm (before clip): 0.004927
2025-12-15 20:53:35,881 - trm.training.trainer - INFO - [DEBUG Epoch 1] Avg gradient norm: inf
2025-12-15 20:53:35,881 - trm.training.trainer - INFO - [DEBUG Epoch 1] Avg parameter norm: 18.614353
2025-12-15 20:53:40,757 - trm.training.trainer - INFO - [DEBUG Epoch 1] Val predictions (first 5 batches):
2025-12-15 20:53:40,757 - trm.training.trainer - INFO -   pred mean=0.080200, std=0.181030
2025-12-15 20:53:40,757 - trm.training.trainer - INFO -   pred min=-0.229248, max=0.233887
2025-12-15 20:53:40,757 - trm.training.trainer - INFO -   target mean=0.000028, std=0.000524
2025-12-15 20:53:40,757 - trm.training.trainer - INFO -   Sharpe components: sum=804.374138, sum_sq=21.140552, count=50463120
2025-12-15 20:53:40,757 - trm.training.trainer - INFO - Epoch 1/10 | Train Loss: -0.000200 | Val Loss: -0.000141 | Val Sharpe: 7.7228 | LR: 9.76e-05
2025-12-15 20:53:40,757 - trm.training.trainer - INFO - New best validation Sharpe: 7.7228
2025-12-15 20:53:40,765 - trm.training.trainer - INFO - Saved best checkpoint: checkpoints/checkpoint_best.pt
2025-12-15 20:53:40,767 - trm.training.trainer - INFO - [DEBUG Epoch 2] First batch:
2025-12-15 20:53:40,767 - trm.training.trainer - INFO -   X stats: mean=-0.005942, std=0.674073
2025-12-15 20:53:40,767 - trm.training.trainer - INFO -   y stats: mean=0.000012, std=0.000368
2025-12-15 20:53:40,768 - trm.training.trainer - INFO -   pred stats: mean=0.139526, std=0.158691
2025-12-15 20:53:40,768 - trm.training.trainer - INFO -   pred[0:5]: [0.2223 0.199  0.2385 0.2334 0.2296]
2025-12-15 20:53:40,768 - trm.training.trainer - INFO -   y[0:5]: [[-3.5330694e-04]
 [ 2.6888540e-04]
 [ 2.6604184e-04]
 [-2.1887204e-04]
 [ 8.0363017e-05]]
2025-12-15 20:53:40,768 - trm.training.trainer - INFO -   loss: -0.000062
2025-12-15 20:53:40,768 - trm.training.trainer - INFO -   loss.requires_grad: True
2025-12-15 20:53:40,768 - trm.training.trainer - INFO -   pred.requires_grad: True
2025-12-15 20:53:40,771 - trm.training.trainer - INFO -   Total gradient norm (before clip): 0.004801
2025-12-15 20:55:01,201 - trm.training.trainer - INFO - [DEBUG Epoch 2] Avg gradient norm: inf
2025-12-15 20:55:01,201 - trm.training.trainer - INFO - [DEBUG Epoch 2] Avg parameter norm: 20.125079
2025-12-15 20:55:06,238 - trm.training.trainer - INFO - [DEBUG Epoch 2] Val predictions (first 5 batches):
2025-12-15 20:55:06,238 - trm.training.trainer - INFO -   pred mean=0.087769, std=0.176270
2025-12-15 20:55:06,238 - trm.training.trainer - INFO -   pred min=-0.225342, max=0.243774
2025-12-15 20:55:06,238 - trm.training.trainer - INFO -   target mean=0.000028, std=0.000524
2025-12-15 20:55:06,238 - trm.training.trainer - INFO -   Sharpe components: sum=814.931644, sum_sq=21.140552, count=50463120
2025-12-15 20:55:06,238 - trm.training.trainer - INFO - Epoch 2/10 | Train Loss: -0.000221 | Val Loss: -0.000143 | Val Sharpe: 7.8243 | LR: 9.05e-05
2025-12-15 20:55:06,238 - trm.training.trainer - INFO - New best validation Sharpe: 7.8243
2025-12-15 20:55:06,245 - trm.training.trainer - INFO - Saved best checkpoint: checkpoints/checkpoint_best.pt
2025-12-15 20:56:29,376 - trm.training.trainer - INFO - [DEBUG Epoch 3] Avg gradient norm: inf
2025-12-15 20:56:29,376 - trm.training.trainer - INFO - [DEBUG Epoch 3] Avg parameter norm: 21.214203
2025-12-15 20:56:34,572 - trm.training.trainer - INFO - Epoch 3/10 | Train Loss: -0.000223 | Val Loss: -0.000140 | Val Sharpe: 7.7153 | LR: 7.96e-05
2025-12-15 20:58:01,030 - trm.training.trainer - INFO - Epoch 4/10 | Train Loss: -0.000224 | Val Loss: -0.000142 | Val Sharpe: 7.8219 | LR: 6.58e-05
2025-12-15 20:59:23,777 - trm.training.trainer - INFO - Epoch 5/10 | Train Loss: -0.000225 | Val Loss: -0.000143 | Val Sharpe: 7.8958 | LR: 5.05e-05
2025-12-15 20:59:23,777 - trm.training.trainer - INFO - New best validation Sharpe: 7.8958
2025-12-15 20:59:23,783 - trm.training.trainer - INFO - Saved best checkpoint: checkpoints/checkpoint_best.pt
2025-12-15 21:00:49,655 - trm.training.trainer - INFO - Epoch 6/10 | Train Loss: -0.000226 | Val Loss: -0.000143 | Val Sharpe: 7.8880 | LR: 3.52e-05
2025-12-15 21:02:16,505 - trm.training.trainer - INFO - Epoch 7/10 | Train Loss: -0.000227 | Val Loss: -0.000144 | Val Sharpe: 7.9391 | LR: 2.14e-05
2025-12-15 21:02:16,505 - trm.training.trainer - INFO - New best validation Sharpe: 7.9391
2025-12-15 21:02:16,513 - trm.training.trainer - INFO - Saved best checkpoint: checkpoints/checkpoint_best.pt
2025-12-15 21:03:42,765 - trm.training.trainer - INFO - Epoch 8/10 | Train Loss: -0.000227 | Val Loss: -0.000144 | Val Sharpe: 7.9452 | LR: 1.05e-05
2025-12-15 21:03:42,765 - trm.training.trainer - INFO - New best validation Sharpe: 7.9452
2025-12-15 21:03:42,772 - trm.training.trainer - INFO - Saved best checkpoint: checkpoints/checkpoint_best.pt
2025-12-15 21:05:08,779 - trm.training.trainer - INFO - Epoch 9/10 | Train Loss: -0.000228 | Val Loss: -0.000143 | Val Sharpe: 7.9398 | LR: 3.42e-06
2025-12-15 21:06:35,406 - trm.training.trainer - INFO - Epoch 10/10 | Train Loss: -0.000227 | Val Loss: -0.000143 | Val Sharpe: 7.9414 | LR: 1.00e-06
2025-12-15 21:06:35,409 - trm.training.trainer - INFO - Training complete. Best validation Sharpe: 7.9452
2025-12-15 21:06:35,410 - __main__ - INFO - 
Training completed:
2025-12-15 21:06:35,410 - __main__ - INFO -   Final epoch:           10
2025-12-15 21:06:35,410 - __main__ - INFO -   Best validation Sharpe: 7.9452
2025-12-15 21:06:35,410 - __main__ - INFO -   Best validation loss:   -0.000144
2025-12-15 21:06:35,410 - __main__ - INFO - 
================================================================================
2025-12-15 21:06:35,410 - __main__ - INFO - STEP 5: EVALUATING ON TEST SET
2025-12-15 21:06:35,410 - __main__ - INFO - ================================================================================
2025-12-15 21:06:35,410 - __main__ - INFO - Loading best checkpoint: checkpoints/checkpoint_best.pt
2025-12-15 21:06:35,422 - trm.evaluation.backtest - INFO - Running backtest...
2025-12-15 21:06:38,729 - trm.evaluation.backtest - INFO - Backtest complete: 394260 samples
2025-12-15 21:06:38,730 - __main__ - ERROR - Training failed: [enforce fail at alloc_cpu.cpp:119] err == 0. DefaultCPUAllocator: can't allocate memory: you tried to allocate 621763790400 bytes. Error code 12 (Cannot allocate memory)
Traceback (most recent call last):
  File "/home/qbee/Bureau/Bourse/futur/ai/TRAIN/trm/train_trm.py", line 394, in <module>
    results = main(
  File "/home/qbee/Bureau/Bourse/futur/ai/TRAIN/trm/train_trm.py", line 287, in main
    test_metrics = backtester.run_backtest(verbose=True)
  File "/home/qbee/.local/lib/python3.10/site-packages/torch/utils/_contextlib.py", line 116, in decorate_context
    return func(*args, **kwargs)
  File "/home/qbee/Bureau/Bourse/futur/ai/TRAIN/trm/evaluation/backtest.py", line 83, in run_backtest
    metrics = compute_all_metrics(
  File "/home/qbee/Bureau/Bourse/futur/ai/TRAIN/trm/evaluation/metrics.py", line 353, in compute_all_metrics
    cumulative_pnl, pnl_metrics = compute_pnl(
  File "/home/qbee/Bureau/Bourse/futur/ai/TRAIN/trm/evaluation/metrics.py", line 44, in compute_pnl
    realized_returns = positions * true_returns
RuntimeError: [enforce fail at alloc_cpu.cpp:119] err == 0. DefaultCPUAllocator: can't allocate memory: you tried to allocate 621763790400 bytes. Error code 12 (Cannot allocate memory)
2025-12-15 21:15:18,446 - __main__ - INFO - Matmul precision set to high
2025-12-15 21:15:18,447 - __main__ - INFO - ================================================================================
2025-12-15 21:15:18,447 - __main__ - INFO - TINY RECURSIVE MODEL (TRM) TRAINING
2025-12-15 21:15:18,447 - __main__ - INFO - ================================================================================
2025-12-15 21:15:18,447 - __main__ - INFO - Device: cuda
2025-12-15 21:15:18,447 - __main__ - INFO - Seed: 42
2025-12-15 21:15:18,447 - __main__ - INFO - 
================================================================================
2025-12-15 21:15:18,447 - __main__ - INFO - STEP 1: LOADING DATA
2025-12-15 21:15:18,447 - __main__ - INFO - ================================================================================
2025-12-15 21:15:18,447 - data.s3_data_source - INFO - Using local cache directory: cache/s3_data
2025-12-15 21:15:18,454 - botocore.credentials - INFO - Found credentials in shared credentials file: ~/.aws/credentials
2025-12-15 21:15:18,542 - data.s3_data_source - INFO - Initialized S3DataSource: bucket=qbia, prefix=bourse/mintrad
2025-12-15 21:15:18,542 - data.s3_data_source - INFO - Fetching 1 symbols from 2020 to 2024
2025-12-15 21:15:18,542 - data.s3_data_source - INFO - Symbols: ['BTCUSDT']
2025-12-15 21:15:18,542 - data.s3_data_source - INFO - Fetching BTCUSDT from 2020 to 2024
2025-12-15 21:15:18,542 - data.s3_data_source - INFO - Loading BTCUSDT 2020 from cache: cache/s3_data/BTCUSDT_2020_1m.parquet
2025-12-15 21:15:18,584 - data.s3_data_source - INFO - Loading BTCUSDT 2021 from cache: cache/s3_data/BTCUSDT_2021_1m.parquet
2025-12-15 21:15:18,615 - data.s3_data_source - INFO - Loading BTCUSDT 2022 from cache: cache/s3_data/BTCUSDT_2022_1m.parquet
2025-12-15 21:15:18,644 - data.s3_data_source - INFO - Loading BTCUSDT 2023 from cache: cache/s3_data/BTCUSDT_2023_1m.parquet
2025-12-15 21:15:18,666 - data.s3_data_source - INFO - Loading BTCUSDT 2024 from cache: cache/s3_data/BTCUSDT_2024_1m.parquet
2025-12-15 21:15:18,816 - data.s3_data_source - INFO - Loaded BTCUSDT: 2628555 total rows from 5 years
2025-12-15 21:15:19,370 - data.s3_data_source - INFO - Loaded 1 symbols: 2628555 total rows
2025-12-15 21:15:22,625 - trm.data - INFO - Target normalization: mean=0.000001, std=0.001066
2025-12-15 21:15:22,629 - __main__ - INFO - Data loaded successfully:
2025-12-15 21:15:22,629 - __main__ - INFO -   Train samples: 1839879
2025-12-15 21:15:22,629 - __main__ - INFO -   Val samples:   394260
2025-12-15 21:15:22,629 - __main__ - INFO -   Test samples:  394260
2025-12-15 21:15:22,629 - __main__ - INFO -   Features:      8
2025-12-15 21:15:22,629 - __main__ - INFO -   Lookback:      60
2025-12-15 21:15:22,629 - __main__ - INFO - 
================================================================================
2025-12-15 21:15:22,629 - __main__ - INFO - STEP 2: CREATING MODEL
2025-12-15 21:15:22,629 - __main__ - INFO - ================================================================================
2025-12-15 21:15:22,641 - trm.model.trm - INFO - Initialized TRM: 11,522 trainable params (latent_dim=32, iterations=5)
2025-12-15 21:15:22,641 - __main__ - INFO - Model created:
2025-12-15 21:15:22,641 - __main__ - INFO -   Total parameters:      11,522
2025-12-15 21:15:22,641 - __main__ - INFO -   Trainable parameters:  11,522
2025-12-15 21:15:22,641 - __main__ - INFO -   Latent dimension:      32
2025-12-15 21:15:22,641 - __main__ - INFO -   Recursive iterations:  5
2025-12-15 21:15:22,641 - __main__ - INFO - 
================================================================================
2025-12-15 21:15:22,641 - __main__ - INFO - STEP 3: CREATING LOSS FUNCTION
2025-12-15 21:15:22,641 - __main__ - INFO - ================================================================================
2025-12-15 21:15:22,641 - trm.model.loss - INFO - Initialized CompositeTradingLoss: α=1.0, β=0.5, γ=0.2, δ=0.3
2025-12-15 21:15:22,641 - __main__ - INFO - Trading-aware composite loss created
2025-12-15 21:15:22,641 - __main__ - INFO -   α (directional):    1.0
2025-12-15 21:15:22,641 - __main__ - INFO -   β (magnitude):      0.5
2025-12-15 21:15:22,641 - __main__ - INFO -   γ (trading cost):   0.2
2025-12-15 21:15:22,641 - __main__ - INFO -   δ (drawdown):       0.3
2025-12-15 21:15:22,641 - __main__ - INFO - 
================================================================================
2025-12-15 21:15:22,641 - __main__ - INFO - STEP 4: TRAINING MODEL
2025-12-15 21:15:22,641 - __main__ - INFO - ================================================================================
2025-12-15 21:15:23,434 - trm.training.trainer - INFO - Initialized TRMTrainer: lr=0.0001, wd=1e-05, epochs=10, patience=20, device=cuda, amp=False
2025-12-15 21:15:23,434 - trm.training.trainer - INFO - Starting training...
2025-12-15 21:15:23,499 - trm.training.trainer - INFO - [DEBUG Epoch 1] First batch:
2025-12-15 21:15:23,513 - trm.training.trainer - INFO -   X stats: mean=-0.005942, std=0.674073, min=-1.884499, max=6.886796
2025-12-15 21:15:23,514 - trm.training.trainer - INFO -   y stats: mean=0.009885, std=0.345232, min=-1.252344, max=0.654067
2025-12-15 21:15:23,514 - trm.training.trainer - INFO -   pred stats: mean=0.000001, std=0.000006, min=-0.000014, max=0.000012
2025-12-15 21:15:23,514 - trm.training.trainer - INFO -   pred[0:5]: [-9.1998487e-07  8.4011454e-06  3.0143826e-07  3.3754470e-06
  6.8165070e-07]
2025-12-15 21:15:23,514 - trm.training.trainer - INFO -   y[0:5]: [[-0.33272806]
 [ 0.25098854]
 [ 0.24832083]
 [-0.20660646]
 [ 0.07412421]]
2025-12-15 21:15:23,514 - trm.training.trainer - INFO -   loss: 0.457197
2025-12-15 21:15:23,597 - trm.training.trainer - INFO -     feature_embedding.0.weight: grad_norm=0.000178
2025-12-15 21:15:23,597 - trm.training.trainer - INFO -     feature_embedding.0.bias: grad_norm=0.000140
2025-12-15 21:15:23,597 - trm.training.trainer - INFO -     feature_embedding.1.weight: grad_norm=0.001855
2025-12-15 21:15:23,597 - trm.training.trainer - INFO -     feature_embedding.1.bias: grad_norm=0.001852
2025-12-15 21:15:23,598 - trm.training.trainer - INFO -     feature_embedding.4.weight: grad_norm=0.000341
2025-12-15 21:15:23,598 - trm.training.trainer - INFO -     feature_embedding.4.bias: grad_norm=0.006301
2025-12-15 21:15:23,598 - trm.training.trainer - INFO -     feature_embedding.5.weight: grad_norm=0.003264
2025-12-15 21:15:23,598 - trm.training.trainer - INFO -     feature_embedding.5.bias: grad_norm=0.005844
2025-12-15 21:15:23,598 - trm.training.trainer - INFO -     temporal_attention.0.weight: grad_norm=0.000000
2025-12-15 21:15:23,598 - trm.training.trainer - INFO -     temporal_attention.0.bias: grad_norm=0.000000
2025-12-15 21:15:23,599 - trm.training.trainer - INFO -     reasoning_cell.weight_ih: grad_norm=0.000195
2025-12-15 21:15:23,599 - trm.training.trainer - INFO -     reasoning_cell.weight_hh: grad_norm=0.000044
2025-12-15 21:15:23,599 - trm.training.trainer - INFO -     reasoning_cell.bias_ih: grad_norm=0.008300
2025-12-15 21:15:23,599 - trm.training.trainer - INFO -     reasoning_cell.bias_hh: grad_norm=0.004149
2025-12-15 21:15:23,599 - trm.training.trainer - INFO -     output_head.0.weight: grad_norm=0.000252
2025-12-15 21:15:23,599 - trm.training.trainer - INFO -     output_head.0.bias: grad_norm=0.018997
2025-12-15 21:15:23,599 - trm.training.trainer - INFO -     output_head.1.weight: grad_norm=0.001292
2025-12-15 21:15:23,600 - trm.training.trainer - INFO -     output_head.1.bias: grad_norm=0.004893
2025-12-15 21:15:23,600 - trm.training.trainer - INFO -     output_head.4.weight: grad_norm=0.000155
2025-12-15 21:15:23,600 - trm.training.trainer - INFO -     output_head.4.bias: grad_norm=0.012540
2025-12-15 21:15:23,600 - trm.training.trainer - INFO -   Total gradient norm (before clip): 0.070592
2025-12-15 21:15:32,420 - trm.training.trainer - WARNING - Reduced LR to 5e-5 due to grad_norm=2.0872
2025-12-15 21:16:37,621 - trm.training.trainer - ERROR - GRADIENT EXPLOSION: norm=25.95 > 10.0
2025-12-15 21:16:37,621 - trm.training.trainer - ERROR - STOPPING TRAINING - gradient explosion detected!
2025-12-15 21:16:37,621 - __main__ - ERROR - Training failed: Gradient explosion: norm=25.95
Traceback (most recent call last):
  File "/home/qbee/Bureau/Bourse/futur/ai/TRAIN/trm/train_trm.py", line 425, in <module>
    results = main(
  File "/home/qbee/Bureau/Bourse/futur/ai/TRAIN/trm/train_trm.py", line 289, in main
    training_history = trainer.train()
  File "/home/qbee/Bureau/Bourse/futur/ai/TRAIN/trm/training/trainer.py", line 407, in train
    train_metrics = self.train_epoch()
  File "/home/qbee/Bureau/Bourse/futur/ai/TRAIN/trm/training/trainer.py", line 181, in train_epoch
    raise RuntimeError(f"Gradient explosion: norm={total_grad_before_clip:.2f}")
RuntimeError: Gradient explosion: norm=25.95
2025-12-15 21:54:46,427 - __main__ - INFO - Matmul precision set to high
2025-12-15 21:54:46,427 - __main__ - INFO - ================================================================================
2025-12-15 21:54:46,427 - __main__ - INFO - TINY RECURSIVE MODEL (TRM) TRAINING
2025-12-15 21:54:46,427 - __main__ - INFO - ================================================================================
2025-12-15 21:54:46,427 - __main__ - INFO - Device: cuda
2025-12-15 21:54:46,427 - __main__ - INFO - Seed: 42
2025-12-15 21:54:46,427 - __main__ - INFO - 
================================================================================
2025-12-15 21:54:46,427 - __main__ - INFO - STEP 1: LOADING DATA
2025-12-15 21:54:46,427 - __main__ - INFO - ================================================================================
2025-12-15 21:54:46,427 - data.s3_data_source - INFO - Using local cache directory: cache/s3_data
2025-12-15 21:54:46,435 - botocore.credentials - INFO - Found credentials in shared credentials file: ~/.aws/credentials
2025-12-15 21:54:46,530 - data.s3_data_source - INFO - Initialized S3DataSource: bucket=qbia, prefix=bourse/mintrad
2025-12-15 21:54:46,530 - data.s3_data_source - INFO - Fetching 1 symbols from 2020 to 2024
2025-12-15 21:54:46,530 - data.s3_data_source - INFO - Symbols: ['BTCUSDT']
2025-12-15 21:54:46,530 - data.s3_data_source - INFO - Fetching BTCUSDT from 2020 to 2024
2025-12-15 21:54:46,530 - data.s3_data_source - INFO - Loading BTCUSDT 2020 from cache: cache/s3_data/BTCUSDT_2020_1m.parquet
2025-12-15 21:54:46,576 - data.s3_data_source - INFO - Loading BTCUSDT 2021 from cache: cache/s3_data/BTCUSDT_2021_1m.parquet
2025-12-15 21:54:46,610 - data.s3_data_source - INFO - Loading BTCUSDT 2022 from cache: cache/s3_data/BTCUSDT_2022_1m.parquet
2025-12-15 21:54:46,641 - data.s3_data_source - INFO - Loading BTCUSDT 2023 from cache: cache/s3_data/BTCUSDT_2023_1m.parquet
2025-12-15 21:54:46,678 - data.s3_data_source - INFO - Loading BTCUSDT 2024 from cache: cache/s3_data/BTCUSDT_2024_1m.parquet
2025-12-15 21:54:46,859 - data.s3_data_source - INFO - Loaded BTCUSDT: 2628555 total rows from 5 years
2025-12-15 21:54:47,407 - data.s3_data_source - INFO - Loaded 1 symbols: 2628555 total rows
2025-12-15 21:54:50,641 - trm.data - INFO - Target normalization: mean=0.000001, std=0.001066
2025-12-15 21:54:50,645 - __main__ - INFO - Data loaded successfully:
2025-12-15 21:54:50,645 - __main__ - INFO -   Train samples: 1839879
2025-12-15 21:54:50,645 - __main__ - INFO -   Val samples:   394260
2025-12-15 21:54:50,645 - __main__ - INFO -   Test samples:  394260
2025-12-15 21:54:50,645 - __main__ - INFO -   Features:      8
2025-12-15 21:54:50,645 - __main__ - INFO -   Lookback:      60
2025-12-15 21:54:50,645 - __main__ - INFO - 
================================================================================
2025-12-15 21:54:50,645 - __main__ - INFO - STEP 2: CREATING MODEL
2025-12-15 21:54:50,645 - __main__ - INFO - ================================================================================
2025-12-15 21:54:50,648 - trm.model.trm - INFO - Initialized TRM: 11,522 trainable params (latent_dim=32, iterations=5)
2025-12-15 21:54:50,648 - __main__ - INFO - Model created:
2025-12-15 21:54:50,648 - __main__ - INFO -   Total parameters:      11,522
2025-12-15 21:54:50,648 - __main__ - INFO -   Trainable parameters:  11,522
2025-12-15 21:54:50,648 - __main__ - INFO -   Latent dimension:      32
2025-12-15 21:54:50,648 - __main__ - INFO -   Recursive iterations:  5
2025-12-15 21:54:50,648 - __main__ - INFO - 
================================================================================
2025-12-15 21:54:50,648 - __main__ - INFO - STEP 3: CREATING LOSS FUNCTION
2025-12-15 21:54:50,648 - __main__ - INFO - ================================================================================
2025-12-15 21:54:50,648 - trm.model.loss - INFO - Initialized CompositeTradingLoss: α=1.0, β=0.5, γ=0.2, δ=0.3
2025-12-15 21:54:50,648 - __main__ - INFO - Trading-aware composite loss created
2025-12-15 21:54:50,648 - __main__ - INFO -   α (directional):    1.0
2025-12-15 21:54:50,648 - __main__ - INFO -   β (magnitude):      0.5
2025-12-15 21:54:50,648 - __main__ - INFO -   γ (trading cost):   0.2
2025-12-15 21:54:50,648 - __main__ - INFO -   δ (drawdown):       0.3
2025-12-15 21:54:50,648 - __main__ - INFO - 
================================================================================
2025-12-15 21:54:50,648 - __main__ - INFO - STEP 4: TRAINING MODEL
2025-12-15 21:54:50,648 - __main__ - INFO - ================================================================================
2025-12-15 21:54:51,471 - trm.training.trainer - INFO - Initialized TRMTrainer: lr=0.0001, wd=1e-05, epochs=100, patience=20, device=cuda, amp=False
2025-12-15 21:54:51,471 - trm.training.trainer - INFO - Starting training...
2025-12-15 21:54:51,539 - trm.training.trainer - INFO - [DEBUG Epoch 1] First batch:
2025-12-15 21:54:51,543 - trm.training.trainer - INFO -   X stats: mean=-0.005942, std=0.674073, min=-1.884499, max=6.886796
2025-12-15 21:54:51,543 - trm.training.trainer - INFO -   y stats: mean=0.009885, std=0.345232, min=-1.252344, max=0.654067
2025-12-15 21:54:51,543 - trm.training.trainer - INFO -   pred stats: mean=0.000001, std=0.000006, min=-0.000014, max=0.000012
2025-12-15 21:54:51,544 - trm.training.trainer - INFO -   pred[0:5]: [-9.1998487e-07  8.4011454e-06  3.0143826e-07  3.3754470e-06
  6.8165070e-07]
2025-12-15 21:54:51,544 - trm.training.trainer - INFO -   y[0:5]: [[-0.33272806]
 [ 0.25098854]
 [ 0.24832083]
 [-0.20660646]
 [ 0.07412421]]
2025-12-15 21:54:51,544 - trm.training.trainer - INFO -   loss: 0.457197
2025-12-15 21:54:51,619 - trm.training.trainer - INFO -     feature_embedding.0.weight: grad_norm=0.000178
2025-12-15 21:54:51,619 - trm.training.trainer - INFO -     feature_embedding.0.bias: grad_norm=0.000140
2025-12-15 21:54:51,619 - trm.training.trainer - INFO -     feature_embedding.1.weight: grad_norm=0.001855
2025-12-15 21:54:51,619 - trm.training.trainer - INFO -     feature_embedding.1.bias: grad_norm=0.001852
2025-12-15 21:54:51,619 - trm.training.trainer - INFO -     feature_embedding.4.weight: grad_norm=0.000341
2025-12-15 21:54:51,619 - trm.training.trainer - INFO -     feature_embedding.4.bias: grad_norm=0.006301
2025-12-15 21:54:51,620 - trm.training.trainer - INFO -     feature_embedding.5.weight: grad_norm=0.003264
2025-12-15 21:54:51,620 - trm.training.trainer - INFO -     feature_embedding.5.bias: grad_norm=0.005844
2025-12-15 21:54:51,620 - trm.training.trainer - INFO -     temporal_attention.0.weight: grad_norm=0.000000
2025-12-15 21:54:51,620 - trm.training.trainer - INFO -     temporal_attention.0.bias: grad_norm=0.000000
2025-12-15 21:54:51,620 - trm.training.trainer - INFO -     reasoning_cell.weight_ih: grad_norm=0.000195
2025-12-15 21:54:51,620 - trm.training.trainer - INFO -     reasoning_cell.weight_hh: grad_norm=0.000044
2025-12-15 21:54:51,620 - trm.training.trainer - INFO -     reasoning_cell.bias_ih: grad_norm=0.008300
2025-12-15 21:54:51,620 - trm.training.trainer - INFO -     reasoning_cell.bias_hh: grad_norm=0.004149
2025-12-15 21:54:51,621 - trm.training.trainer - INFO -     output_head.0.weight: grad_norm=0.000252
2025-12-15 21:54:51,621 - trm.training.trainer - INFO -     output_head.0.bias: grad_norm=0.018997
2025-12-15 21:54:51,621 - trm.training.trainer - INFO -     output_head.1.weight: grad_norm=0.001292
2025-12-15 21:54:51,621 - trm.training.trainer - INFO -     output_head.1.bias: grad_norm=0.004893
2025-12-15 21:54:51,621 - trm.training.trainer - INFO -     output_head.4.weight: grad_norm=0.000155
2025-12-15 21:54:51,621 - trm.training.trainer - INFO -     output_head.4.bias: grad_norm=0.012540
2025-12-15 21:54:51,621 - trm.training.trainer - INFO -   Total gradient norm (before clip): 0.070592
2025-12-15 21:54:58,361 - trm.training.trainer - WARNING - [LR REDUCTION] grad_norm=1.1018 > 0.5 → LR: 1.00e-05 → 5.00e-06
2025-12-15 21:55:03,803 - trm.training.trainer - WARNING - [LR REDUCTION] grad_norm=0.6891 > 0.5 → LR: 5.00e-06 → 2.50e-06
2025-12-15 21:55:39,120 - trm.training.trainer - WARNING - [LR REDUCTION] grad_norm=0.6182 > 0.5 → LR: 2.50e-06 → 1.25e-06
2025-12-15 21:56:26,120 - trm.training.trainer - WARNING - [LR REDUCTION] grad_norm=0.6056 > 0.5 → LR: 1.25e-06 → 1.00e-06
2025-12-15 21:56:30,743 - trm.training.trainer - WARNING - [LR REDUCTION] grad_norm=0.6703 > 0.5 → LR: 1.00e-06 → 1.00e-06
2025-12-15 21:56:53,012 - trm.training.trainer - INFO - [DEBUG Epoch 1] Avg gradient norm: 0.018777
2025-12-15 21:56:53,012 - trm.training.trainer - INFO - [DEBUG Epoch 1] Avg parameter norm: 21.404583
2025-12-15 21:56:58,271 - trm.training.trainer - WARNING - [ANOMALY] Unrealistic Sharpe=7.56 detected (predictions may be saturating)
2025-12-15 21:56:58,271 - trm.training.trainer - WARNING -   Mean return: 0.00000251, Std return: 0.00010425
2025-12-15 21:56:58,272 - trm.training.trainer - INFO - [DEBUG Epoch 1] Val predictions (first 5 batches):
2025-12-15 21:56:58,272 - trm.training.trainer - INFO -   pred mean=0.000008, std=0.000139
2025-12-15 21:56:58,272 - trm.training.trainer - INFO -   pred min=-0.000243, max=0.000213
2025-12-15 21:56:58,272 - trm.training.trainer - INFO -   target mean=0.025397, std=0.491137
2025-12-15 21:56:58,272 - trm.training.trainer - INFO -   Sharpe components: sum=126.789516, sum_sq=0.548807, count=50463120
2025-12-15 21:56:58,272 - trm.training.trainer - INFO - [WARMUP] Epoch 1/2: LR=5.00e-05
2025-12-15 21:56:58,272 - trm.training.trainer - INFO - Epoch 1/100 | Train Loss: 4.396011 | Val Loss: 1.317634 | Val Sharpe: 7.5552 | LR: 5.00e-05
2025-12-15 21:56:58,272 - trm.training.trainer - INFO - New best validation Sharpe: 7.5552
2025-12-15 21:56:58,282 - trm.training.trainer - INFO - Saved best checkpoint: checkpoints/checkpoint_best.pt
2025-12-15 21:56:58,286 - trm.training.trainer - INFO - [DEBUG Epoch 2] First batch:
2025-12-15 21:56:58,286 - trm.training.trainer - INFO -   X stats: mean=-0.005942, std=0.674073, min=-1.884499, max=6.886796
2025-12-15 21:56:58,286 - trm.training.trainer - INFO -   y stats: mean=0.009885, std=0.345232, min=-1.252344, max=0.654067
2025-12-15 21:56:58,286 - trm.training.trainer - INFO -   pred stats: mean=0.000096, std=0.000108, min=-0.000224, max=0.000200
2025-12-15 21:56:58,287 - trm.training.trainer - INFO -   pred[0:5]: [1.4981220e-04 9.7545970e-05 1.5723762e-04 1.5189999e-04 1.7299314e-04]
2025-12-15 21:56:58,287 - trm.training.trainer - INFO -   y[0:5]: [[-0.33272806]
 [ 0.25098854]
 [ 0.24832083]
 [-0.20660646]
 [ 0.07412421]]
2025-12-15 21:56:58,287 - trm.training.trainer - INFO -   loss: 0.391060
2025-12-15 21:56:58,290 - trm.training.trainer - INFO -     feature_embedding.0.weight: grad_norm=0.000849
2025-12-15 21:56:58,290 - trm.training.trainer - INFO -     feature_embedding.0.bias: grad_norm=0.000730
2025-12-15 21:56:58,290 - trm.training.trainer - INFO -     feature_embedding.1.weight: grad_norm=0.006585
2025-12-15 21:56:58,291 - trm.training.trainer - INFO -     feature_embedding.1.bias: grad_norm=0.007837
2025-12-15 21:56:58,291 - trm.training.trainer - INFO -     feature_embedding.4.weight: grad_norm=0.001212
2025-12-15 21:56:58,291 - trm.training.trainer - INFO -     feature_embedding.4.bias: grad_norm=0.019861
2025-12-15 21:56:58,291 - trm.training.trainer - INFO -     feature_embedding.5.weight: grad_norm=0.004597
2025-12-15 21:56:58,291 - trm.training.trainer - INFO -     feature_embedding.5.bias: grad_norm=0.008408
2025-12-15 21:56:58,291 - trm.training.trainer - INFO -     temporal_attention.0.weight: grad_norm=0.000006
2025-12-15 21:56:58,292 - trm.training.trainer - INFO -     temporal_attention.0.bias: grad_norm=0.000000
2025-12-15 21:56:58,292 - trm.training.trainer - INFO -     reasoning_cell.weight_ih: grad_norm=0.000386
2025-12-15 21:56:58,292 - trm.training.trainer - INFO -     reasoning_cell.weight_hh: grad_norm=0.000137
2025-12-15 21:56:58,292 - trm.training.trainer - INFO -     reasoning_cell.bias_ih: grad_norm=0.011076
2025-12-15 21:56:58,292 - trm.training.trainer - INFO -     reasoning_cell.bias_hh: grad_norm=0.005563
2025-12-15 21:56:58,292 - trm.training.trainer - INFO -     output_head.0.weight: grad_norm=0.000596
2025-12-15 21:56:58,292 - trm.training.trainer - INFO -     output_head.0.bias: grad_norm=0.020212
2025-12-15 21:56:58,293 - trm.training.trainer - INFO -     output_head.1.weight: grad_norm=0.004769
2025-12-15 21:56:58,293 - trm.training.trainer - INFO -     output_head.1.bias: grad_norm=0.005989
2025-12-15 21:56:58,293 - trm.training.trainer - INFO -     output_head.4.weight: grad_norm=0.000871
2025-12-15 21:56:58,293 - trm.training.trainer - INFO -     output_head.4.bias: grad_norm=0.012537
2025-12-15 21:56:58,293 - trm.training.trainer - INFO -   Total gradient norm (before clip): 0.112222
2025-12-15 21:57:05,146 - trm.training.trainer - WARNING - [LR REDUCTION] grad_norm=0.5417 > 0.5 → LR: 5.00e-05 → 2.50e-05
2025-12-15 21:57:05,168 - trm.training.trainer - WARNING - [LR REDUCTION] grad_norm=3.4254 > 0.5 → LR: 2.50e-05 → 1.25e-05
2025-12-15 21:57:05,210 - trm.training.trainer - WARNING - [LR REDUCTION] grad_norm=1.1650 > 0.5 → LR: 1.25e-05 → 6.25e-06
2025-12-15 21:57:05,236 - trm.training.trainer - WARNING - [LR REDUCTION] grad_norm=1.6474 > 0.5 → LR: 6.25e-06 → 3.13e-06
2025-12-15 21:57:05,493 - trm.training.trainer - WARNING - [LR REDUCTION] grad_norm=2.6755 > 0.5 → LR: 3.13e-06 → 1.56e-06
2025-12-15 21:57:05,504 - trm.training.trainer - WARNING - [LR REDUCTION] grad_norm=0.5981 > 0.5 → LR: 1.56e-06 → 1.00e-06
2025-12-15 21:57:10,752 - trm.training.trainer - WARNING - [LR REDUCTION] grad_norm=0.7659 > 0.5 → LR: 1.00e-06 → 1.00e-06
2025-12-15 21:57:12,969 - trm.training.trainer - WARNING - [LR REDUCTION] grad_norm=0.5395 > 0.5 → LR: 1.00e-06 → 1.00e-06
2025-12-15 21:57:18,771 - trm.training.trainer - WARNING - [LR REDUCTION] grad_norm=0.8703 > 0.5 → LR: 1.00e-06 → 1.00e-06
2025-12-15 21:57:34,127 - trm.training.trainer - WARNING - [LR REDUCTION] grad_norm=0.6097 > 0.5 → LR: 1.00e-06 → 1.00e-06
2025-12-15 21:57:35,810 - trm.training.trainer - WARNING - [LR REDUCTION] grad_norm=0.5819 > 0.5 → LR: 1.00e-06 → 1.00e-06
2025-12-15 21:57:46,187 - trm.training.trainer - WARNING - [LR REDUCTION] grad_norm=1.5645 > 0.5 → LR: 1.00e-06 → 1.00e-06
2025-12-15 21:57:46,195 - trm.training.trainer - WARNING - [LR REDUCTION] grad_norm=0.8882 > 0.5 → LR: 1.00e-06 → 1.00e-06
2025-12-15 21:57:46,702 - trm.training.trainer - WARNING - [LR REDUCTION] grad_norm=0.6838 > 0.5 → LR: 1.00e-06 → 1.00e-06
2025-12-15 21:57:56,618 - trm.training.trainer - WARNING - [LR REDUCTION] grad_norm=0.8060 > 0.5 → LR: 1.00e-06 → 1.00e-06
2025-12-15 21:58:19,853 - trm.training.trainer - WARNING - [LR REDUCTION] grad_norm=0.5036 > 0.5 → LR: 1.00e-06 → 1.00e-06
2025-12-15 21:58:29,476 - trm.training.trainer - WARNING - [LR REDUCTION] grad_norm=0.7085 > 0.5 → LR: 1.00e-06 → 1.00e-06
2025-12-15 21:58:32,061 - trm.training.trainer - WARNING - [LR REDUCTION] grad_norm=0.5812 > 0.5 → LR: 1.00e-06 → 1.00e-06
2025-12-15 21:58:32,894 - trm.training.trainer - WARNING - [LR REDUCTION] grad_norm=2.1964 > 0.5 → LR: 1.00e-06 → 1.00e-06
2025-12-15 21:58:34,942 - trm.training.trainer - WARNING - [LR REDUCTION] grad_norm=0.5877 > 0.5 → LR: 1.00e-06 → 1.00e-06
2025-12-15 21:58:37,435 - trm.training.trainer - WARNING - [LR REDUCTION] grad_norm=1.5949 > 0.5 → LR: 1.00e-06 → 1.00e-06
2025-12-15 21:58:37,575 - trm.training.trainer - WARNING - [LR REDUCTION] grad_norm=2.0215 > 0.5 → LR: 1.00e-06 → 1.00e-06
2025-12-15 21:58:59,594 - trm.training.trainer - INFO - [DEBUG Epoch 2] Avg gradient norm: 0.037686
2025-12-15 21:58:59,594 - trm.training.trainer - INFO - [DEBUG Epoch 2] Avg parameter norm: 21.814344
2025-12-15 21:59:05,047 - trm.training.trainer - WARNING - [ANOMALY] Unrealistic Sharpe=6.93 detected (predictions may be saturating)
2025-12-15 21:59:05,047 - trm.training.trainer - WARNING -   Mean return: 0.00001130, Std return: 0.00051153
2025-12-15 21:59:05,048 - trm.training.trainer - INFO - [DEBUG Epoch 2] Val predictions (first 5 batches):
2025-12-15 21:59:05,048 - trm.training.trainer - INFO -   pred mean=-0.000015, std=0.000699
2025-12-15 21:59:05,048 - trm.training.trainer - INFO -   pred min=-0.001124, max=0.000701
2025-12-15 21:59:05,048 - trm.training.trainer - INFO -   target mean=0.025397, std=0.491137
2025-12-15 21:59:05,048 - trm.training.trainer - INFO -   Sharpe components: sum=570.256530, sum_sq=13.211013, count=50463120
2025-12-15 21:59:05,048 - trm.training.trainer - INFO - [WARMUP] Epoch 2/2: LR=1.00e-04
2025-12-15 21:59:05,048 - trm.training.trainer - INFO - Epoch 2/100 | Train Loss: 4.366764 | Val Loss: 1.316699 | Val Sharpe: 6.9255 | LR: 1.00e-04
2025-12-15 21:59:05,056 - trm.training.trainer - INFO - [DEBUG Epoch 3] First batch:
2025-12-15 21:59:05,057 - trm.training.trainer - INFO -   X stats: mean=-0.005942, std=0.674073, min=-1.884499, max=6.886796
2025-12-15 21:59:05,057 - trm.training.trainer - INFO -   y stats: mean=0.009885, std=0.345232, min=-1.252344, max=0.654067
2025-12-15 21:59:05,057 - trm.training.trainer - INFO -   pred stats: mean=0.000411, std=0.000551, min=-0.001191, max=0.000768
2025-12-15 21:59:05,057 - trm.training.trainer - INFO -   pred[0:5]: [0.00068512 0.00051642 0.00074717 0.00047614 0.00053158]
2025-12-15 21:59:05,058 - trm.training.trainer - INFO -   y[0:5]: [[-0.33272806]
 [ 0.25098854]
 [ 0.24832083]
 [-0.20660646]
 [ 0.07412421]]
2025-12-15 21:59:05,058 - trm.training.trainer - INFO -   loss: 0.390659
2025-12-15 21:59:05,062 - trm.training.trainer - INFO -   Total gradient norm (before clip): 0.121845
2025-12-15 21:59:11,829 - trm.training.trainer - WARNING - [LR REDUCTION] grad_norm=0.8807 > 0.5 → LR: 1.00e-04 → 5.00e-05
2025-12-15 21:59:11,863 - trm.training.trainer - WARNING - [LR REDUCTION] grad_norm=1.2053 > 0.5 → LR: 5.00e-05 → 2.50e-05
2025-12-15 21:59:11,887 - trm.training.trainer - ERROR - GRADIENT EXPLOSION: norm=14.15 > 10.0
2025-12-15 21:59:11,887 - trm.training.trainer - ERROR - STOPPING TRAINING - gradient explosion detected!
2025-12-15 21:59:11,887 - __main__ - ERROR - Training failed: Gradient explosion: norm=14.15
Traceback (most recent call last):
  File "/home/qbee/Bureau/Bourse/futur/ai/TRAIN/trm/train_trm.py", line 440, in <module>
    results = main(
  File "/home/qbee/Bureau/Bourse/futur/ai/TRAIN/trm/train_trm.py", line 289, in main
    training_history = trainer.train()
  File "/home/qbee/Bureau/Bourse/futur/ai/TRAIN/trm/training/trainer.py", line 411, in train
    train_metrics = self.train_epoch()
  File "/home/qbee/Bureau/Bourse/futur/ai/TRAIN/trm/training/trainer.py", line 183, in train_epoch
    raise RuntimeError(f"Gradient explosion: norm={total_grad_before_clip:.2f}")
RuntimeError: Gradient explosion: norm=14.15
